// Jest Snapshot v1, https://goo.gl/fbAQLP

exports[`Link Should match the snapshot 1`] = `
<a
  href="/about"
  role="link"
>
  <p
    class="sc-AxjAm cllMKu"
    role="paragraph"
    type="p2"
  >
    Link text
  </p>
</a>
`;
